[     207ms] [ERROR] Failed to load resource: the server responded with a status of 405 (Not Allowed) @ http://localhost:3000/api/auth/set-session:0
[     213ms] [ERROR] TypeError: Cannot read properties of undefined (reading 'map')
    at kB (http://localhost:3000/assets/index-B7-II8MY.js:314:12168)
    at Om (http://localhost:3000/assets/index-B7-II8MY.js:38:17656)
    at $m (http://localhost:3000/assets/index-B7-II8MY.js:40:3158)
    at Pj (http://localhost:3000/assets/index-B7-II8MY.js:40:45516)
    at Nj (http://localhost:3000/assets/index-B7-II8MY.js:40:40334)
    at J5 (http://localhost:3000/assets/index-B7-II8MY.js:40:40262)
    at $d (http://localhost:3000/assets/index-B7-II8MY.js:40:40115)
    at Zm (http://localhost:3000/assets/index-B7-II8MY.js:40:36400)
    at kj (http://localhost:3000/assets/index-B7-II8MY.js:40:35348)
    at N (http://localhost:3000/assets/index-B7-II8MY.js:25:1599) @ http://localhost:3000/assets/index-B7-II8MY.js:39
[     247ms] TypeError: Cannot read properties of undefined (reading 'map')
    at kB (http://localhost:3000/assets/index-B7-II8MY.js:314:12168)
    at Om (http://localhost:3000/assets/index-B7-II8MY.js:38:17656)
    at $m (http://localhost:3000/assets/index-B7-II8MY.js:40:3158)
    at Pj (http://localhost:3000/assets/index-B7-II8MY.js:40:45516)
    at Nj (http://localhost:3000/assets/index-B7-II8MY.js:40:40334)
    at J5 (http://localhost:3000/assets/index-B7-II8MY.js:40:40262)
    at $d (http://localhost:3000/assets/index-B7-II8MY.js:40:40115)
    at Zm (http://localhost:3000/assets/index-B7-II8MY.js:40:36400)
    at kj (http://localhost:3000/assets/index-B7-II8MY.js:40:35348)
    at N (http://localhost:3000/assets/index-B7-II8MY.js:25:1599)
[     214ms] [ERROR] Failed to load resource: the server responded with a status of 404 (Not Found) @ http://localhost:3000/vite.svg:0
